
---- hlp-vec-arith.small1 

Time:
Time:
[1] TRUE

---- hlp-vec-arith.small2 

Time:
Time:
[1] TRUE

---- hlp-vec-arith.large1 

Time:
Time:
[1] TRUE

---- hlp-vec-arith.large2 

Time:
Time:
[1] TRUE

---- hlp-vec-arith.huge1 

Time:
Time:
[1] TRUE

---- hlp-vec-arith.huge2 

Time:
Time:
[1] TRUE
