
---- hlp-write 

Time:
Read 200000 items
[1] 614250000
[1] 2.790703e+12
Time:
Read 200000 items
