
---- hlp-sub.one 

Time:
[1] 1.694495
Time:
[1] 1.694495

---- hlp-sub.two 

Time:
[1] 71.08141
Time:
[1] 71.08141
