
---- kernel-PCA 

Time:
(Intercept)        prj1        prj2        prj3 
 0.07759315  0.57165750 -2.01390288  4.03549584 
