
---- hmc 

Time:
$median
[1] -0.6353855

$mean
[1] -0.5638881

$sd
[1] 0.8953039

Time:
$median
[1] -0.6244706

$mean
[1] -0.5537007

$sd
[1] 0.9022523

Time:
$mean
[1] 0.005075722 0.014274668

$sd
[1] 1.997368 2.994896

$cor
[1] 0.8998161

Time:
$mean
[1] 0.1079829 0.1687225

$sd
[1] 1.992383 2.993520

$cor
[1] 0.8988714

