
---- matmult.1 

Time:
Time:
Time:
Time:

---- matmult.2 

Time:
Time:
Time:
Time:
