
---- near 

Time:
   count1    count2    count3    count4    count5    count6    count7    count8 
 2.000000 22.000000 21.000000  7.000000  3.000000 11.000000 21.000000 11.000000 
   count9   count10   count11   count12   count13   count14   count15   count16 
31.000000  5.000000 19.000000 15.000000 18.000000  1.000000 24.000000 22.000000 
  count17   count18   count19   count20     dist1     dist2     dist3     dist4 
15.000000 18.000000 26.000000 26.000000  5.253719  3.604315  3.580123  5.638031 
    dist5     dist6     dist7     dist8     dist9    dist10    dist11    dist12 
 6.112476  4.632962  4.093481  3.833922  4.808695  4.844333  5.508277  4.076000 
   dist13    dist14    dist15    dist16    dist17    dist18    dist19    dist20 
 4.659942  5.713242  3.722731  4.137022  4.382561  3.753332  3.651141  3.808293 
Time:
[1] 118.852   0.044
[1] 42.27782 42.03465
