
---- lm-nn 

Time:

      lambda=0 lambda=0.003 lambda=0.1 lambda=0.3 lambda=1 lambda=3 lambda=10
K=1    0.04215      0.04215    0.04216    0.04217  0.04222  0.04231   0.04244
K=2    0.03479      0.03479    0.03480    0.03480  0.03483  0.03488   0.03496
K=3    0.03296      0.03296    0.03296    0.03295  0.03293  0.03291   0.03289
K=4    0.03153      0.03153    0.03152    0.03151  0.03149  0.03146   0.03143
K=5    0.03281      0.03280    0.03280    0.03278  0.03275  0.03270   0.03266
K=8    0.03468      0.03468    0.03466    0.03462  0.03451  0.03433   0.03414
K=11   0.03624      0.03624    0.03621    0.03615  0.03599  0.03573   0.03544
K=16   0.04082      0.04081    0.04075    0.04063  0.04028  0.03972   0.03910
K=21   0.04274      0.04274    0.04265    0.04250  0.04208  0.04145   0.04090
K=32   0.04571      0.04570    0.04563    0.04550  0.04526  0.04538   0.04655
K=Inf  0.04579      0.04579    0.04575    0.04574  0.04619  0.04869   0.05475
      lambda=30 lambda=100 lambda=300 lambda=1000 lambda=3000 lambda=Inf
K=1     0.04253    0.04257    0.04258     0.04259     0.04259    0.04259
K=2     0.03502    0.03505    0.03506     0.03507     0.03507    0.03507
K=3     0.03289    0.03290    0.03290     0.03290     0.03290    0.03290
K=4     0.03143    0.03144    0.03144     0.03144     0.03144    0.03144
K=5     0.03264    0.03264    0.03264     0.03264     0.03264    0.03264
K=8     0.03404    0.03400    0.03398     0.03398     0.03398    0.03398
K=11    0.03529    0.03523    0.03521     0.03520     0.03520    0.03520
K=16    0.03879    0.03866    0.03862     0.03861     0.03860    0.03860
K=21    0.04072    0.04068    0.04067     0.04067     0.04067    0.04067
K=32    0.04780    0.04854    0.04879     0.04889     0.04891    0.04893
K=Inf   0.05965    0.06226    0.06314     0.06346     0.06355    0.06360

Cross validation assessment:

$K
[1] 4

$lambda
[1] 30

