
---- cv-basisfun 

Time:

Cross-validation array:

       lambda=0.001 lambda=0.01 lambda=0.1 lambda=1 lambda=10
s=0.02       0.0642      0.0518     0.0425   0.0425    0.0557
s=0.1        0.0381      0.0346     0.0355   0.0372    0.0423
s=0.5        0.0362      0.0359     0.0393   0.0435    0.0535
s=2.5        0.0435      0.0483     0.0501   0.0592    0.0688
