
---- em.run 

Time:
[1] 1.726594
Time:
[1] 1.726594

---- em.compile 

Time:
