
---- sum-prod.sum 

Time:
[1] 6
Time:
[1] 500.5
Time:
[1] 500.5
Time:
[1] 500.4
Time:
[1] 500500
Time:
[1] 500.5+1000i

---- sum-prod.sum-math1 

Time:
[1] -995.6271
Time:
[1] 1719.141
Time:
[1] 1
Time:
[1] 500.5
Time:
[1] 6672.977

---- sum-prod.prod 

Time:
[1] 6
Time:
[1] 0.1872993
Time:
[1] 0.1872993
Time:
[1] 0.2036261
Time:
[1] 1500
Time:
[1] 1000+1000i
