
---- for 

Time:
[1] 16364915
Time:
[1] 717100361
Time:
[1] 2359051718
Time:
[1] 16364915
Time:
NULL
Time:
NULL
Time:
NULL
[1] 1
[1] 1
[1] 2
[1] 1

