
---- min-max.real 

Time:
[1] 0.2505
Time:
[1] 1.000 0.999 0.999 1.000
Time:
[1] 0.001
Time:
[1] 0.001 0.002 0.002 0.001

---- min-max.int 

Time:
[1] 25
Time:
[1] 100  99  99 100
Time:
[1] 0
Time:
[1] 0 0 0 0

---- min-max.string 

Time:
[1] "125"
Time:
[1] "200" "199" "199" "200"
Time:
[1] "100"
Time:
[1] "100" "100" "100" "100"
