
---- transpose 

Time:
[1] 30 70  0

Time:
[1] 70 30  0

Time:
[1]  60 200   0

Time:
[1] 200  60   0

Time:
[1]     1 12000     0

Time:
[1] 12000     1     0

