
---- attr 

Time:
[1] 1.2
Time:
[1] 1.2
Time:
[1] 9
attr(,"dd")
[1] 1.4
attr(,"cc")
[1] 1.3
attr(,"aa")
[1] 1.1
Time:
[1] 9
attr(,"dd")
[1] 1.4
attr(,"cc")
[1] 1.3
attr(,"bb")
[1] "x"
attr(,"aa")
[1] 1.1
