
---- assign.simple 

Time:
[1] 6.72

---- assign.vecmat 

Time:
[1] 51.43
Time:
[1] 53.32
Time:
[1] 51.43
Time:
[1] 53.32
Time:
[1] 51.43
Time:
[1] 53.32

---- assign.largevec 

Time:
[1] 10382.89
Time:
[1] 435092.9
Time:
[1] 35184093

---- assign.list 

Time:
ab cd ef gh 
 3  4 10  6 
Time:
ab cd ef gh 
 3  4 10  6 
Time:
ab cd ef gh 
 3  4 10  6 
Time:
ab cd ef gh 
 3  4 10  6 
Time:
ab cd ef gh 
 3  4 10  6 
Time:
ab cd ef gh 
10  4 10  6 
Time:
ab cd ef gh 
10  4 10  6 

---- assign.complicated 

Time:
          a          b1          b2          b3          b4          b5 
 1.00000000  0.09090909  0.18181818  5.00000000  0.36363636  0.45454545 
         b6          b7          b8          b9         b10         b11 
 0.54545455  0.63636364  0.72727273  0.81818182  0.90909091  1.00000000 
       c.xa        c.ya        c.xb        c.yb 
10.00000000 20.00000000 30.00000000 40.00000000 
Time:
          a          b1          b2          b3          b4          b5 
 1.00000000  0.09090909  0.18181818  5.00000000  0.36363636  0.45454545 
         b6          b7          b8          b9         b10         b11 
 0.54545455  0.63636364  0.72727273  0.81818182  0.90909091  1.00000000 
       c.xa        c.ya        c.xb        c.yb 
10.00000000 20.00000000 30.00000000 40.00000000 
Time:
          a          b1          b2          b3          b4          b5 
 1.00000000  0.09090909  0.18181818  5.00000000  0.36363636  0.45454545 
         b6          b7          b8          b9         b10         b11 
 0.54545455  0.63636364  0.72727273  0.81818182  0.90909091  1.00000000 
       c.xa        c.ya        c.xb        c.yb 
10.00000000 20.00000000 30.00000000 40.00000000 
Time:
         a         b1         b2         b3         b4         b5         b6 
 1.0000000  5.0000000  0.1818182  5.0000000  0.3636364  0.4545455  0.5454545 
        b7         b8         b9        b10        b11       c.xa       c.ya 
 0.6363636  0.7272727  0.8181818  0.9090909  1.0000000 10.0000000 20.0000000 
      c.xb       c.yb 
30.0000000 40.0000000 
Time:
          a          b1          b2          b3          b4          b5 
 1.00000000  0.09090909  0.18181818  0.27272727  0.36363636  0.45454545 
         b6          b7          b8          b9         b10         b11 
 0.54545455  0.63636364  0.72727273  0.81818182  0.90909091  1.00000000 
       c.xa        c.ya        c.xb        c.yb 
10.00000000 20.00000000  5.00000000 40.00000000 
Time:
 a b1 b2 b3 b4  c 
 1  4  4  4  5 10 

---- assign.named 

Time:
Time:
