
---- alloc 

Time:
[1] 150015000 750015000
Time:
0.156464 0.25784 13193.23 
Time:
[1] 10.1725  9.9170
Time:
