
---- bind.c 

Time:
[1] 2.1 3.2
Time:
[1] "ab"   "xy"   "pqrs"
Time:
[[1]]
[1] 1.1

[[2]]
[1] 2.2

[[3]]
[1] 3.3

[[4]]
[1] 4.4

Time:
  [1] 1.1 1.1 1.1 1.1 1.1 1.1 1.1 1.1 1.1 1.1 1.1 1.1 1.1 1.1 1.1 1.1 1.1 1.1
 [19] 1.1 1.1 1.1 1.1 1.1 1.1 1.1 1.1 1.1 1.1 1.1 1.1 1.1 1.1 1.1 1.1 1.1 1.1
 [37] 1.1 1.1 1.1 1.1 1.1 1.1 1.1 1.1 1.1 1.1 1.1 1.1 1.1 1.1 1.1 1.1 1.1 1.1
 [55] 1.1 1.1 1.1 1.1 1.1 1.1 1.1 1.1 1.1 1.1 1.1 1.1 1.1 1.1 1.1 1.1 1.1 1.1
 [73] 1.1 1.1 1.1 1.1 1.1 1.1 1.1 1.1 3.3 3.3 3.3 3.3 3.3 3.3 3.3 3.3 3.3 3.3
 [91] 3.3 3.3 3.3 3.3 3.3 3.3 3.3 3.3 3.3 3.3 3.3 3.3 3.3 3.3 3.3 3.3 3.3 3.3
[109] 3.3 3.3 3.3 3.3 3.3 3.3 3.3 3.3 3.3 3.3 3.3 3.3 3.3 3.3 3.3 3.3 3.3 3.3
[127] 3.3 3.3 3.3 3.3 3.3 3.3 3.3 3.3 3.3 3.3 3.3 3.3 3.3 3.3 3.3 3.3 3.3 3.3
[145] 3.3 3.3 3.3 3.3 3.3 3.3 3.3 3.3 3.3 3.3 3.3 3.3 3.3 3.3 3.3 3.3
Time:
[1] 5352
Time:
 a1  a2  a3  a4  a5  a6  a7  a8  a9 a10 a11 a12 a13 a14 a15 a16 a17 a18 a19 a20 
1.1 1.1 1.1 1.1 1.1 1.1 1.1 1.1 1.1 1.1 1.1 1.1 1.1 1.1 1.1 1.1 1.1 1.1 1.1 1.1 
a21 a22 a23 a24 a25 a26 a27 a28 a29 a30 a31 a32 a33 a34 a35 a36 a37 a38 a39 a40 
1.1 1.1 1.1 1.1 1.1 1.1 1.1 1.1 1.1 1.1 1.1 1.1 1.1 1.1 1.1 1.1 1.1 1.1 1.1 1.1 
a41 a42 a43 a44 a45 a46 a47 a48 a49 a50 a51 a52 a53 a54 a55 a56 a57 a58 a59 a60 
1.1 1.1 1.1 1.1 1.1 1.1 1.1 1.1 1.1 1.1 1.1 1.1 1.1 1.1 1.1 1.1 1.1 1.1 1.1 1.1 
a61 a62 a63 a64 a65 a66 a67 a68 a69 a70 a71 a72 a73 a74 a75 a76 a77 a78 a79 a80 
1.1 1.1 1.1 1.1 1.1 1.1 1.1 1.1 1.1 1.1 1.1 1.1 1.1 1.1 1.1 1.1 1.1 1.1 1.1 1.1 
 b1  b2  b3  b4  b5  b6  b7  b8  b9 b10 b11 b12 b13 b14 b15 b16 b17 b18 b19 b20 
3.3 3.3 3.3 3.3 3.3 3.3 3.3 3.3 3.3 3.3 3.3 3.3 3.3 3.3 3.3 3.3 3.3 3.3 3.3 3.3 
b21 b22 b23 b24 b25 b26 b27 b28 b29 b30 b31 b32 b33 b34 b35 b36 b37 b38 b39 b40 
3.3 3.3 3.3 3.3 3.3 3.3 3.3 3.3 3.3 3.3 3.3 3.3 3.3 3.3 3.3 3.3 3.3 3.3 3.3 3.3 
b41 b42 b43 b44 b45 b46 b47 b48 b49 b50 b51 b52 b53 b54 b55 b56 b57 b58 b59 b60 
3.3 3.3 3.3 3.3 3.3 3.3 3.3 3.3 3.3 3.3 3.3 3.3 3.3 3.3 3.3 3.3 3.3 3.3 3.3 3.3 
b61 b62 b63 b64 b65 b66 b67 b68 b69 b70 b71 b72 b73 b74 b75 b76 b77 b78 b79 b80 
3.3 3.3 3.3 3.3 3.3 3.3 3.3 3.3 3.3 3.3 3.3 3.3 3.3 3.3 3.3 3.3 3.3 3.3 3.3 3.3 
Time:
 x:1  x:2  x:3  x:4  x:5  x:6  x:7  x:8  x:9 x:10 x:11 x:12 x:13 x:14 x:15 x:16 
 1.1  1.1  1.1  1.1  1.1  1.1  1.1  1.1  1.1  1.1  1.1  1.1  1.1  1.1  1.1  1.1 
x:17 x:18 x:19 x:20 x:21 x:22 x:23 x:24 x:25 x:26 x:27 x:28 x:29 x:30 x:31 x:32 
 1.1  1.1  1.1  1.1  1.1  1.1  1.1  1.1  1.1  1.1  1.1  1.1  1.1  1.1  1.1  1.1 
x:33 x:34 x:35 x:36 x:37 x:38 x:39 x:40 x:41 x:42 x:43 x:44 x:45 x:46 x:47 x:48 
 1.1  1.1  1.1  1.1  1.1  1.1  1.1  1.1  1.1  1.1  1.1  1.1  1.1  1.1  1.1  1.1 
x:49 x:50 x:51 x:52 x:53 x:54 x:55 x:56 x:57 x:58 x:59 x:60 x:61 x:62 x:63 x:64 
 1.1  1.1  1.1  1.1  1.1  1.1  1.1  1.1  1.1  1.1  1.1  1.1  1.1  1.1  1.1  1.1 
x:65 x:66 x:67 x:68 x:69 x:70 x:71 x:72 x:73 x:74 x:75 x:76 x:77 x:78 x:79 x:80 
 1.1  1.1  1.1  1.1  1.1  1.1  1.1  1.1  1.1  1.1  1.1  1.1  1.1  1.1  1.1  1.1 
 y:1  y:2  y:3  y:4  y:5  y:6  y:7  y:8  y:9 y:10 y:11 y:12 y:13 y:14 y:15 y:16 
 3.3  3.3  3.3  3.3  3.3  3.3  3.3  3.3  3.3  3.3  3.3  3.3  3.3  3.3  3.3  3.3 
y:17 y:18 y:19 y:20 y:21 y:22 y:23 y:24 y:25 y:26 y:27 y:28 y:29 y:30 y:31 y:32 
 3.3  3.3  3.3  3.3  3.3  3.3  3.3  3.3  3.3  3.3  3.3  3.3  3.3  3.3  3.3  3.3 
y:33 y:34 y:35 y:36 y:37 y:38 y:39 y:40 y:41 y:42 y:43 y:44 y:45 y:46 y:47 y:48 
 3.3  3.3  3.3  3.3  3.3  3.3  3.3  3.3  3.3  3.3  3.3  3.3  3.3  3.3  3.3  3.3 
y:49 y:50 y:51 y:52 y:53 y:54 y:55 y:56 y:57 y:58 y:59 y:60 y:61 y:62 y:63 y:64 
 3.3  3.3  3.3  3.3  3.3  3.3  3.3  3.3  3.3  3.3  3.3  3.3  3.3  3.3  3.3  3.3 
y:65 y:66 y:67 y:68 y:69 y:70 y:71 y:72 y:73 y:74 y:75 y:76 y:77 y:78 y:79 y:80 
 3.3  3.3  3.3  3.3  3.3  3.3  3.3  3.3  3.3  3.3  3.3  3.3  3.3  3.3  3.3  3.3 
Time:
 a.x:1  a.x:2  a.x:3  a.x:4  a.x:5  a.x:6  a.x:7  a.x:8  a.x:9 a.x:10 a.x:11 
   1.1    1.1    1.1    1.1    1.1    1.1    1.1    1.1    1.1    1.1    1.1 
a.x:12 a.x:13 a.x:14 a.x:15 a.x:16 a.x:17 a.x:18 a.x:19 a.x:20 a.x:21 a.x:22 
   1.1    1.1    1.1    1.1    1.1    1.1    1.1    1.1    1.1    1.1    1.1 
a.x:23 a.x:24 a.x:25 a.x:26 a.x:27 a.x:28 a.x:29 a.x:30 a.x:31 a.x:32 a.x:33 
   1.1    1.1    1.1    1.1    1.1    1.1    1.1    1.1    1.1    1.1    1.1 
a.x:34 a.x:35 a.x:36 a.x:37 a.x:38 a.x:39 a.x:40 a.x:41 a.x:42 a.x:43 a.x:44 
   1.1    1.1    1.1    1.1    1.1    1.1    1.1    1.1    1.1    1.1    1.1 
a.x:45 a.x:46 a.x:47 a.x:48 a.x:49 a.x:50 a.x:51 a.x:52 a.x:53 a.x:54 a.x:55 
   1.1    1.1    1.1    1.1    1.1    1.1    1.1    1.1    1.1    1.1    1.1 
a.x:56 a.x:57 a.x:58 a.x:59 a.x:60 a.x:61 a.x:62 a.x:63 a.x:64 a.x:65 a.x:66 
   1.1    1.1    1.1    1.1    1.1    1.1    1.1    1.1    1.1    1.1    1.1 
a.x:67 a.x:68 a.x:69 a.x:70 a.x:71 a.x:72 a.x:73 a.x:74 a.x:75 a.x:76 a.x:77 
   1.1    1.1    1.1    1.1    1.1    1.1    1.1    1.1    1.1    1.1    1.1 
a.x:78 a.x:79 a.x:80  b.y:1  b.y:2  b.y:3  b.y:4  b.y:5  b.y:6  b.y:7  b.y:8 
   1.1    1.1    1.1    3.3    3.3    3.3    3.3    3.3    3.3    3.3    3.3 
 b.y:9 b.y:10 b.y:11 b.y:12 b.y:13 b.y:14 b.y:15 b.y:16 b.y:17 b.y:18 b.y:19 
   3.3    3.3    3.3    3.3    3.3    3.3    3.3    3.3    3.3    3.3    3.3 
b.y:20 b.y:21 b.y:22 b.y:23 b.y:24 b.y:25 b.y:26 b.y:27 b.y:28 b.y:29 b.y:30 
   3.3    3.3    3.3    3.3    3.3    3.3    3.3    3.3    3.3    3.3    3.3 
b.y:31 b.y:32 b.y:33 b.y:34 b.y:35 b.y:36 b.y:37 b.y:38 b.y:39 b.y:40 b.y:41 
   3.3    3.3    3.3    3.3    3.3    3.3    3.3    3.3    3.3    3.3    3.3 
b.y:42 b.y:43 b.y:44 b.y:45 b.y:46 b.y:47 b.y:48 b.y:49 b.y:50 b.y:51 b.y:52 
   3.3    3.3    3.3    3.3    3.3    3.3    3.3    3.3    3.3    3.3    3.3 
b.y:53 b.y:54 b.y:55 b.y:56 b.y:57 b.y:58 b.y:59 b.y:60 b.y:61 b.y:62 b.y:63 
   3.3    3.3    3.3    3.3    3.3    3.3    3.3    3.3    3.3    3.3    3.3 
b.y:64 b.y:65 b.y:66 b.y:67 b.y:68 b.y:69 b.y:70 b.y:71 b.y:72 b.y:73 b.y:74 
   3.3    3.3    3.3    3.3    3.3    3.3    3.3    3.3    3.3    3.3    3.3 
b.y:75 b.y:76 b.y:77 b.y:78 b.y:79 b.y:80 
   3.3    3.3    3.3    3.3    3.3    3.3 

---- bind.unlist 

Time:
  [1] 1.1 1.1 1.1 1.1 1.1 1.1 1.1 1.1 1.1 1.1 1.1 1.1 1.1 1.1 1.1 1.1 1.1 1.1
 [19] 1.1 1.1 1.1 1.1 1.1 1.1 1.1 1.1 1.1 1.1 1.1 1.1 1.1 1.1 1.1 1.1 1.1 1.1
 [37] 1.1 1.1 1.1 1.1 1.1 1.1 1.1 1.1 1.1 1.1 1.1 1.1 1.1 1.1 1.1 1.1 1.1 1.1
 [55] 1.1 1.1 1.1 1.1 1.1 1.1 1.1 1.1 1.1 1.1 1.1 1.1 1.1 1.1 1.1 1.1 1.1 1.1
 [73] 1.1 1.1 1.1 1.1 1.1 1.1 1.1 1.1 3.3 3.3 3.3 3.3 3.3 3.3 3.3 3.3 3.3 3.3
 [91] 3.3 3.3 3.3 3.3 3.3 3.3 3.3 3.3 3.3 3.3 3.3 3.3 3.3 3.3 3.3 3.3 3.3 3.3
[109] 3.3 3.3 3.3 3.3 3.3 3.3 3.3 3.3 3.3 3.3 3.3 3.3 3.3 3.3 3.3 3.3 3.3 3.3
[127] 3.3 3.3 3.3 3.3 3.3 3.3 3.3 3.3 3.3 3.3 3.3 3.3 3.3 3.3 3.3 3.3 3.3 3.3
[145] 3.3 3.3 3.3 3.3 3.3 3.3 3.3 3.3 3.3 3.3 3.3 3.3 3.3 3.3 3.3 3.3
Time:
[1] 2112
Time:
 a1  a2  a3  a4  a5  a6  a7  a8  a9 a10 a11 a12 a13 a14 a15 a16 a17 a18 a19 a20 
1.1 1.1 1.1 1.1 1.1 1.1 1.1 1.1 1.1 1.1 1.1 1.1 1.1 1.1 1.1 1.1 1.1 1.1 1.1 1.1 
a21 a22 a23 a24 a25 a26 a27 a28 a29 a30 a31 a32 a33 a34 a35 a36 a37 a38 a39 a40 
1.1 1.1 1.1 1.1 1.1 1.1 1.1 1.1 1.1 1.1 1.1 1.1 1.1 1.1 1.1 1.1 1.1 1.1 1.1 1.1 
a41 a42 a43 a44 a45 a46 a47 a48 a49 a50 a51 a52 a53 a54 a55 a56 a57 a58 a59 a60 
1.1 1.1 1.1 1.1 1.1 1.1 1.1 1.1 1.1 1.1 1.1 1.1 1.1 1.1 1.1 1.1 1.1 1.1 1.1 1.1 
a61 a62 a63 a64 a65 a66 a67 a68 a69 a70 a71 a72 a73 a74 a75 a76 a77 a78 a79 a80 
1.1 1.1 1.1 1.1 1.1 1.1 1.1 1.1 1.1 1.1 1.1 1.1 1.1 1.1 1.1 1.1 1.1 1.1 1.1 1.1 
 b1  b2  b3  b4  b5  b6  b7  b8  b9 b10 b11 b12 b13 b14 b15 b16 b17 b18 b19 b20 
3.3 3.3 3.3 3.3 3.3 3.3 3.3 3.3 3.3 3.3 3.3 3.3 3.3 3.3 3.3 3.3 3.3 3.3 3.3 3.3 
b21 b22 b23 b24 b25 b26 b27 b28 b29 b30 b31 b32 b33 b34 b35 b36 b37 b38 b39 b40 
3.3 3.3 3.3 3.3 3.3 3.3 3.3 3.3 3.3 3.3 3.3 3.3 3.3 3.3 3.3 3.3 3.3 3.3 3.3 3.3 
b41 b42 b43 b44 b45 b46 b47 b48 b49 b50 b51 b52 b53 b54 b55 b56 b57 b58 b59 b60 
3.3 3.3 3.3 3.3 3.3 3.3 3.3 3.3 3.3 3.3 3.3 3.3 3.3 3.3 3.3 3.3 3.3 3.3 3.3 3.3 
b61 b62 b63 b64 b65 b66 b67 b68 b69 b70 b71 b72 b73 b74 b75 b76 b77 b78 b79 b80 
3.3 3.3 3.3 3.3 3.3 3.3 3.3 3.3 3.3 3.3 3.3 3.3 3.3 3.3 3.3 3.3 3.3 3.3 3.3 3.3 
Time:
 x:1  x:2  x:3  x:4  x:5  x:6  x:7  x:8  x:9 x:10 x:11 x:12 x:13 x:14 x:15 x:16 
 1.1  1.1  1.1  1.1  1.1  1.1  1.1  1.1  1.1  1.1  1.1  1.1  1.1  1.1  1.1  1.1 
x:17 x:18 x:19 x:20 x:21 x:22 x:23 x:24 x:25 x:26 x:27 x:28 x:29 x:30 x:31 x:32 
 1.1  1.1  1.1  1.1  1.1  1.1  1.1  1.1  1.1  1.1  1.1  1.1  1.1  1.1  1.1  1.1 
x:33 x:34 x:35 x:36 x:37 x:38 x:39 x:40 x:41 x:42 x:43 x:44 x:45 x:46 x:47 x:48 
 1.1  1.1  1.1  1.1  1.1  1.1  1.1  1.1  1.1  1.1  1.1  1.1  1.1  1.1  1.1  1.1 
x:49 x:50 x:51 x:52 x:53 x:54 x:55 x:56 x:57 x:58 x:59 x:60 x:61 x:62 x:63 x:64 
 1.1  1.1  1.1  1.1  1.1  1.1  1.1  1.1  1.1  1.1  1.1  1.1  1.1  1.1  1.1  1.1 
x:65 x:66 x:67 x:68 x:69 x:70 x:71 x:72 x:73 x:74 x:75 x:76 x:77 x:78 x:79 x:80 
 1.1  1.1  1.1  1.1  1.1  1.1  1.1  1.1  1.1  1.1  1.1  1.1  1.1  1.1  1.1  1.1 
 y:1  y:2  y:3  y:4  y:5  y:6  y:7  y:8  y:9 y:10 y:11 y:12 y:13 y:14 y:15 y:16 
 3.3  3.3  3.3  3.3  3.3  3.3  3.3  3.3  3.3  3.3  3.3  3.3  3.3  3.3  3.3  3.3 
y:17 y:18 y:19 y:20 y:21 y:22 y:23 y:24 y:25 y:26 y:27 y:28 y:29 y:30 y:31 y:32 
 3.3  3.3  3.3  3.3  3.3  3.3  3.3  3.3  3.3  3.3  3.3  3.3  3.3  3.3  3.3  3.3 
y:33 y:34 y:35 y:36 y:37 y:38 y:39 y:40 y:41 y:42 y:43 y:44 y:45 y:46 y:47 y:48 
 3.3  3.3  3.3  3.3  3.3  3.3  3.3  3.3  3.3  3.3  3.3  3.3  3.3  3.3  3.3  3.3 
y:49 y:50 y:51 y:52 y:53 y:54 y:55 y:56 y:57 y:58 y:59 y:60 y:61 y:62 y:63 y:64 
 3.3  3.3  3.3  3.3  3.3  3.3  3.3  3.3  3.3  3.3  3.3  3.3  3.3  3.3  3.3  3.3 
y:65 y:66 y:67 y:68 y:69 y:70 y:71 y:72 y:73 y:74 y:75 y:76 y:77 y:78 y:79 y:80 
 3.3  3.3  3.3  3.3  3.3  3.3  3.3  3.3  3.3  3.3  3.3  3.3  3.3  3.3  3.3  3.3 
Time:
 a.x:1  a.x:2  a.x:3  a.x:4  a.x:5  a.x:6  a.x:7  a.x:8  a.x:9 a.x:10 a.x:11 
   1.1    1.1    1.1    1.1    1.1    1.1    1.1    1.1    1.1    1.1    1.1 
a.x:12 a.x:13 a.x:14 a.x:15 a.x:16 a.x:17 a.x:18 a.x:19 a.x:20 a.x:21 a.x:22 
   1.1    1.1    1.1    1.1    1.1    1.1    1.1    1.1    1.1    1.1    1.1 
a.x:23 a.x:24 a.x:25 a.x:26 a.x:27 a.x:28 a.x:29 a.x:30 a.x:31 a.x:32 a.x:33 
   1.1    1.1    1.1    1.1    1.1    1.1    1.1    1.1    1.1    1.1    1.1 
a.x:34 a.x:35 a.x:36 a.x:37 a.x:38 a.x:39 a.x:40 a.x:41 a.x:42 a.x:43 a.x:44 
   1.1    1.1    1.1    1.1    1.1    1.1    1.1    1.1    1.1    1.1    1.1 
a.x:45 a.x:46 a.x:47 a.x:48 a.x:49 a.x:50 a.x:51 a.x:52 a.x:53 a.x:54 a.x:55 
   1.1    1.1    1.1    1.1    1.1    1.1    1.1    1.1    1.1    1.1    1.1 
a.x:56 a.x:57 a.x:58 a.x:59 a.x:60 a.x:61 a.x:62 a.x:63 a.x:64 a.x:65 a.x:66 
   1.1    1.1    1.1    1.1    1.1    1.1    1.1    1.1    1.1    1.1    1.1 
a.x:67 a.x:68 a.x:69 a.x:70 a.x:71 a.x:72 a.x:73 a.x:74 a.x:75 a.x:76 a.x:77 
   1.1    1.1    1.1    1.1    1.1    1.1    1.1    1.1    1.1    1.1    1.1 
a.x:78 a.x:79 a.x:80  b.y:1  b.y:2  b.y:3  b.y:4  b.y:5  b.y:6  b.y:7  b.y:8 
   1.1    1.1    1.1    3.3    3.3    3.3    3.3    3.3    3.3    3.3    3.3 
 b.y:9 b.y:10 b.y:11 b.y:12 b.y:13 b.y:14 b.y:15 b.y:16 b.y:17 b.y:18 b.y:19 
   3.3    3.3    3.3    3.3    3.3    3.3    3.3    3.3    3.3    3.3    3.3 
b.y:20 b.y:21 b.y:22 b.y:23 b.y:24 b.y:25 b.y:26 b.y:27 b.y:28 b.y:29 b.y:30 
   3.3    3.3    3.3    3.3    3.3    3.3    3.3    3.3    3.3    3.3    3.3 
b.y:31 b.y:32 b.y:33 b.y:34 b.y:35 b.y:36 b.y:37 b.y:38 b.y:39 b.y:40 b.y:41 
   3.3    3.3    3.3    3.3    3.3    3.3    3.3    3.3    3.3    3.3    3.3 
b.y:42 b.y:43 b.y:44 b.y:45 b.y:46 b.y:47 b.y:48 b.y:49 b.y:50 b.y:51 b.y:52 
   3.3    3.3    3.3    3.3    3.3    3.3    3.3    3.3    3.3    3.3    3.3 
b.y:53 b.y:54 b.y:55 b.y:56 b.y:57 b.y:58 b.y:59 b.y:60 b.y:61 b.y:62 b.y:63 
   3.3    3.3    3.3    3.3    3.3    3.3    3.3    3.3    3.3    3.3    3.3 
b.y:64 b.y:65 b.y:66 b.y:67 b.y:68 b.y:69 b.y:70 b.y:71 b.y:72 b.y:73 b.y:74 
   3.3    3.3    3.3    3.3    3.3    3.3    3.3    3.3    3.3    3.3    3.3 
b.y:75 b.y:76 b.y:77 b.y:78 b.y:79 b.y:80 
   3.3    3.3    3.3    3.3    3.3    3.3 

---- bind.cbind 

Time:
  [1] 242 242 242 242 242 242 242 242 242 242 242 242 242 242 242 242 242 242
 [19] 242 242 242 242 242 242 242 242 242 242 242 242 242 242 242 242 242 242
 [37] 242 242 242 242 242 242 242 242 242 242 242 242 242 242 242 242 242 242
 [55] 242 242 242 242 242 242 242 242 242 242 242 242 242 242 242 242 242 242
 [73] 242 242 242 242 242 242 242 242 242 242 242 242 242 242 242 242 242 242
 [91] 242 242 242 242 242 242 242 242 242 242
 [1] 220 220 220 220 220 220 220 220 220 220 220 220 220 220 220 220 220 220 220
[20] 220 220 220 220 220 220 220 220 220 220 220 220 220 220 220 220 220 220 220
[39] 220 220 220 220 220 220 220 220 220 220 220 220 330 330 330 330 330 330 330
[58] 330 330 330 330 330 330 330 330 330 330 330 330 330 330 330 330 330 330 330
[77] 330 330 330 330 330 330 330 330 330 330 330 330 330 330
Time:
  R1   R2   R3   R4   R5   R6   R7   R8   R9  R10  R11  R12  R13  R14  R15  R16 
 242  242  242  242  242  242  242  242  242  242  242  242  242  242  242  242 
 R17  R18  R19  R20  R21  R22  R23  R24  R25  R26  R27  R28  R29  R30  R31  R32 
 242  242  242  242  242  242  242  242  242  242  242  242  242  242  242  242 
 R33  R34  R35  R36  R37  R38  R39  R40  R41  R42  R43  R44  R45  R46  R47  R48 
 242  242  242  242  242  242  242  242  242  242  242  242  242  242  242  242 
 R49  R50  R51  R52  R53  R54  R55  R56  R57  R58  R59  R60  R61  R62  R63  R64 
 242  242  242  242  242  242  242  242  242  242  242  242  242  242  242  242 
 R65  R66  R67  R68  R69  R70  R71  R72  R73  R74  R75  R76  R77  R78  R79  R80 
 242  242  242  242  242  242  242  242  242  242  242  242  242  242  242  242 
 R81  R82  R83  R84  R85  R86  R87  R88  R89  R90  R91  R92  R93  R94  R95  R96 
 242  242  242  242  242  242  242  242  242  242  242  242  242  242  242  242 
 R97  R98  R99 R100 
 242  242  242  242 
 C1  C2  C3  C4  C5  C6  C7  C8  C9 C10 C11 C12 C13 C14 C15 C16 C17 C18 C19 C20 
220 220 220 220 220 220 220 220 220 220 220 220 220 220 220 220 220 220 220 220 
C21 C22 C23 C24 C25 C26 C27 C28 C29 C30 C31 C32 C33 C34 C35 C36 C37 C38 C39 C40 
220 220 220 220 220 220 220 220 220 220 220 220 220 220 220 220 220 220 220 220 
C41 C42 C43 C44 C45 C46 C47 C48 C49 C50  c1  c2  c3  c4  c5  c6  c7  c8  c9 c10 
220 220 220 220 220 220 220 220 220 220 330 330 330 330 330 330 330 330 330 330 
c11 c12 c13 c14 c15 c16 c17 c18 c19 c20 c21 c22 c23 c24 c25 c26 c27 c28 c29 c30 
330 330 330 330 330 330 330 330 330 330 330 330 330 330 330 330 330 330 330 330 
c31 c32 c33 c34 c35 c36 c37 c38 c39 c40 
330 330 330 330 330 330 330 330 330 330 
Time:
  [1] 244.1 245.1 246.1 247.1 248.1 249.1 250.1 251.1 252.1 253.1 254.1 255.1
 [13] 256.1 257.1 258.1 259.1 260.1 261.1 262.1 263.1 264.1 265.1 266.1 267.1
 [25] 268.1 269.1 270.1 271.1 272.1 273.1 274.1 275.1 276.1 277.1 278.1 279.1
 [37] 280.1 281.1 282.1 283.1 284.1 285.1 286.1 287.1 288.1 289.1 290.1 291.1
 [49] 292.1 293.1 294.1 295.1 296.1 297.1 298.1 299.1 300.1 301.1 302.1 303.1
 [61] 304.1 305.1 306.1 307.1 308.1 309.1 310.1 311.1 312.1 313.1 314.1 315.1
 [73] 316.1 317.1 318.1 319.1 320.1 321.1 322.1 323.1 324.1 325.1 326.1 327.1
 [85] 328.1 329.1 330.1 331.1 332.1 333.1 334.1 335.1 336.1 337.1 338.1 339.1
 [97] 340.1 341.1 342.1 343.1
                                                                                
 220  220  220  220  220  220  220  220  220  220  220  220  220  220  220  220 
                                                                                
 220  220  220  220  220  220  220  220  220  220  220  220  220  220  220  220 
                                                                                
 220  220  220  220  220  220  220  220  220  220  220  220  220  220  220  220 
             u    j                                                             
 220  220  110 5050  330  330  330  330  330  330  330  330  330  330  330  330 
                                                                                
 330  330  330  330  330  330  330  330  330  330  330  330  330  330  330  330 
                                                            
 330  330  330  330  330  330  330  330  330  330  330  330 
Time:
  [1] 111.1 111.1 111.1 111.1 111.1 111.1 111.1 111.1 111.1 111.1 111.1 111.1
 [13] 111.1 111.1 111.1 111.1 111.1 111.1 111.1 111.1 111.1 111.1 111.1 111.1
 [25] 111.1 111.1 111.1 111.1 111.1 111.1 111.1 111.1 111.1 111.1 111.1 111.1
 [37] 111.1 111.1 111.1 111.1 111.1 111.1 111.1 111.1 111.1 111.1 111.1 111.1
 [49] 111.1 111.1 111.1 111.1 111.1 111.1 111.1 111.1 111.1 111.1 111.1 111.1
 [61] 111.1 111.1 111.1 111.1 111.1 111.1 111.1 111.1 111.1 111.1 111.1 111.1
 [73] 111.1 111.1 111.1 111.1 111.1 111.1 111.1 111.1 111.1 111.1 111.1 111.1
 [85] 111.1 111.1 111.1 111.1 111.1 111.1 111.1 111.1 111.1 111.1 111.1 111.1
 [97] 111.1 111.1 111.1 111.1
                                                                                
220 220 220 220 220 220 220 220 220 220 220 220 220 220 220 220 220 220 220 220 
                                                                                
220 220 220 220 220 220 220 220 220 220 220 220 220 220 220 220 220 220 220 220 
                                          u 
220 220 220 220 220 220 220 220 220 220 110 
Time:
  [1] 110.7 110.7 110.7 110.7 110.7 110.7 110.7 110.7 110.7 110.7 110.7 110.7
 [13] 110.7 110.7 110.7 110.7 110.7 110.7 110.7 110.7 110.7 110.7 110.7 110.7
 [25] 110.7 110.7 110.7 110.7 110.7 110.7 110.7 110.7 110.7 110.7 110.7 110.7
 [37] 110.7 110.7 110.7 110.7 110.7 110.7 110.7 110.7 110.7 110.7 110.7 110.7
 [49] 110.7 110.7 110.7 110.7 110.7 110.7 110.7 110.7 110.7 110.7 110.7 110.7
 [61] 110.7 110.7 110.7 110.7 110.7 110.7 110.7 110.7 110.7 110.7 110.7 110.7
 [73] 110.7 110.7 110.7 110.7 110.7 110.7 110.7 110.7 110.7 110.7 110.7 110.7
 [85] 110.7 110.7 110.7 110.7 110.7 110.7 110.7 110.7 110.7 110.7 110.7 110.7
 [97] 110.7 110.7 110.7 110.7
                                                                                
220 220 220 220 220 220 220 220 220 220 220 220 220 220 220 220 220 220 220 220 
                                                                                
220 220 220 220 220 220 220 220 220 220 220 220 220 220 220 220 220 220 220 220 
                                          v 
220 220 220 220 220 220 220 220 220 220  70 
Time:
[1] 100   5 550
Time:
[1]  100    6 4260
Time:
 [1] 100.0   2.2   2.2   2.2   2.2   2.2   2.2   2.2   2.2   2.2   2.2   2.2
[13]   2.2   2.2   2.2   2.2   2.2   2.2   2.2   2.2   2.2   2.2   2.2   2.2
[25]   2.2   2.2   2.2   2.2   2.2   2.2   2.2   2.2   2.2   2.2   2.2   2.2
[37]   2.2   2.2   2.2   2.2   2.2   2.2   2.2   2.2   2.2   2.2   2.2   2.2
[49]   2.2   2.2   2.2 200.0
 [1] 100.0   2.2   2.2   2.2   2.2   2.2   2.2   2.2   2.2   2.2   2.2   2.2
[13]   2.2   2.2   2.2   2.2   2.2   2.2   2.2   2.2   2.2   2.2   2.2   2.2
[25]   2.2   2.2   2.2   2.2   2.2   2.2   2.2   2.2   2.2   2.2   2.2   2.2
[37]   2.2   2.2   2.2   2.2   2.2   2.2   2.2   2.2   2.2   2.2   2.2   2.2
[49]   2.2   2.2   2.2 200.0

---- bind.rbind 

Time:
 [1] 220 220 220 220 220 220 220 220 220 220 220 220 220 220 220 220 220 220 220
[20] 220 220 220 220 220 220 220 220 220 220 220 220 220 220 220 220 220 220 220
[39] 220 220 220 220 220 220 220 220 220 220 220 220 330 330 330 330 330 330 330
[58] 330 330 330 330 330 330 330 330 330 330 330 330 330 330 330 330 330 330 330
[77] 330 330 330 330 330 330 330 330 330 330 330 330 330 330
  [1] 242 242 242 242 242 242 242 242 242 242 242 242 242 242 242 242 242 242
 [19] 242 242 242 242 242 242 242 242 242 242 242 242 242 242 242 242 242 242
 [37] 242 242 242 242 242 242 242 242 242 242 242 242 242 242 242 242 242 242
 [55] 242 242 242 242 242 242 242 242 242 242 242 242 242 242 242 242 242 242
 [73] 242 242 242 242 242 242 242 242 242 242 242 242 242 242 242 242 242 242
 [91] 242 242 242 242 242 242 242 242 242 242
Time:
 R1  R2  R3  R4  R5  R6  R7  R8  R9 R10 R11 R12 R13 R14 R15 R16 R17 R18 R19 R20 
220 220 220 220 220 220 220 220 220 220 220 220 220 220 220 220 220 220 220 220 
R21 R22 R23 R24 R25 R26 R27 R28 R29 R30 R31 R32 R33 R34 R35 R36 R37 R38 R39 R40 
220 220 220 220 220 220 220 220 220 220 220 220 220 220 220 220 220 220 220 220 
R41 R42 R43 R44 R45 R46 R47 R48 R49 R50  r1  r2  r3  r4  r5  r6  r7  r8  r9 r10 
220 220 220 220 220 220 220 220 220 220 330 330 330 330 330 330 330 330 330 330 
r11 r12 r13 r14 r15 r16 r17 r18 r19 r20 r21 r22 r23 r24 r25 r26 r27 r28 r29 r30 
330 330 330 330 330 330 330 330 330 330 330 330 330 330 330 330 330 330 330 330 
r31 r32 r33 r34 r35 r36 r37 r38 r39 r40 
330 330 330 330 330 330 330 330 330 330 
  C1   C2   C3   C4   C5   C6   C7   C8   C9  C10  C11  C12  C13  C14  C15  C16 
 242  242  242  242  242  242  242  242  242  242  242  242  242  242  242  242 
 C17  C18  C19  C20  C21  C22  C23  C24  C25  C26  C27  C28  C29  C30  C31  C32 
 242  242  242  242  242  242  242  242  242  242  242  242  242  242  242  242 
 C33  C34  C35  C36  C37  C38  C39  C40  C41  C42  C43  C44  C45  C46  C47  C48 
 242  242  242  242  242  242  242  242  242  242  242  242  242  242  242  242 
 C49  C50  C51  C52  C53  C54  C55  C56  C57  C58  C59  C60  C61  C62  C63  C64 
 242  242  242  242  242  242  242  242  242  242  242  242  242  242  242  242 
 C65  C66  C67  C68  C69  C70  C71  C72  C73  C74  C75  C76  C77  C78  C79  C80 
 242  242  242  242  242  242  242  242  242  242  242  242  242  242  242  242 
 C81  C82  C83  C84  C85  C86  C87  C88  C89  C90  C91  C92  C93  C94  C95  C96 
 242  242  242  242  242  242  242  242  242  242  242  242  242  242  242  242 
 C97  C98  C99 C100 
 242  242  242  242 
Time:
                                                                                
 220  220  220  220  220  220  220  220  220  220  220  220  220  220  220  220 
                                                                                
 220  220  220  220  220  220  220  220  220  220  220  220  220  220  220  220 
                                                                                
 220  220  220  220  220  220  220  220  220  220  220  220  220  220  220  220 
             u    j                                                             
 220  220  110 5050  330  330  330  330  330  330  330  330  330  330  330  330 
                                                                                
 330  330  330  330  330  330  330  330  330  330  330  330  330  330  330  330 
                                                            
 330  330  330  330  330  330  330  330  330  330  330  330 
  [1] 244.1 245.1 246.1 247.1 248.1 249.1 250.1 251.1 252.1 253.1 254.1 255.1
 [13] 256.1 257.1 258.1 259.1 260.1 261.1 262.1 263.1 264.1 265.1 266.1 267.1
 [25] 268.1 269.1 270.1 271.1 272.1 273.1 274.1 275.1 276.1 277.1 278.1 279.1
 [37] 280.1 281.1 282.1 283.1 284.1 285.1 286.1 287.1 288.1 289.1 290.1 291.1
 [49] 292.1 293.1 294.1 295.1 296.1 297.1 298.1 299.1 300.1 301.1 302.1 303.1
 [61] 304.1 305.1 306.1 307.1 308.1 309.1 310.1 311.1 312.1 313.1 314.1 315.1
 [73] 316.1 317.1 318.1 319.1 320.1 321.1 322.1 323.1 324.1 325.1 326.1 327.1
 [85] 328.1 329.1 330.1 331.1 332.1 333.1 334.1 335.1 336.1 337.1 338.1 339.1
 [97] 340.1 341.1 342.1 343.1
Time:
                                                                                
220 220 220 220 220 220 220 220 220 220 220 220 220 220 220 220 220 220 220 220 
                                                                                
220 220 220 220 220 220 220 220 220 220 220 220 220 220 220 220 220 220 220 220 
                                          u 
220 220 220 220 220 220 220 220 220 220 110 
  [1] 111.1 111.1 111.1 111.1 111.1 111.1 111.1 111.1 111.1 111.1 111.1 111.1
 [13] 111.1 111.1 111.1 111.1 111.1 111.1 111.1 111.1 111.1 111.1 111.1 111.1
 [25] 111.1 111.1 111.1 111.1 111.1 111.1 111.1 111.1 111.1 111.1 111.1 111.1
 [37] 111.1 111.1 111.1 111.1 111.1 111.1 111.1 111.1 111.1 111.1 111.1 111.1
 [49] 111.1 111.1 111.1 111.1 111.1 111.1 111.1 111.1 111.1 111.1 111.1 111.1
 [61] 111.1 111.1 111.1 111.1 111.1 111.1 111.1 111.1 111.1 111.1 111.1 111.1
 [73] 111.1 111.1 111.1 111.1 111.1 111.1 111.1 111.1 111.1 111.1 111.1 111.1
 [85] 111.1 111.1 111.1 111.1 111.1 111.1 111.1 111.1 111.1 111.1 111.1 111.1
 [97] 111.1 111.1 111.1 111.1
Time:
                                                                                
220 220 220 220 220 220 220 220 220 220 220 220 220 220 220 220 220 220 220 220 
                                                                                
220 220 220 220 220 220 220 220 220 220 220 220 220 220 220 220 220 220 220 220 
                                          v 
220 220 220 220 220 220 220 220 220 220  70 
  [1] 110.7 110.7 110.7 110.7 110.7 110.7 110.7 110.7 110.7 110.7 110.7 110.7
 [13] 110.7 110.7 110.7 110.7 110.7 110.7 110.7 110.7 110.7 110.7 110.7 110.7
 [25] 110.7 110.7 110.7 110.7 110.7 110.7 110.7 110.7 110.7 110.7 110.7 110.7
 [37] 110.7 110.7 110.7 110.7 110.7 110.7 110.7 110.7 110.7 110.7 110.7 110.7
 [49] 110.7 110.7 110.7 110.7 110.7 110.7 110.7 110.7 110.7 110.7 110.7 110.7
 [61] 110.7 110.7 110.7 110.7 110.7 110.7 110.7 110.7 110.7 110.7 110.7 110.7
 [73] 110.7 110.7 110.7 110.7 110.7 110.7 110.7 110.7 110.7 110.7 110.7 110.7
 [85] 110.7 110.7 110.7 110.7 110.7 110.7 110.7 110.7 110.7 110.7 110.7 110.7
 [97] 110.7 110.7 110.7 110.7
Time:
[1]   5 100 550
Time:
[1]    6  100 4260
Time:
 [1] 100.0   2.2   2.2   2.2   2.2   2.2   2.2   2.2   2.2   2.2   2.2   2.2
[13]   2.2   2.2   2.2   2.2   2.2   2.2   2.2   2.2   2.2   2.2   2.2   2.2
[25]   2.2   2.2   2.2   2.2   2.2   2.2   2.2   2.2   2.2   2.2   2.2   2.2
[37]   2.2   2.2   2.2   2.2   2.2   2.2   2.2   2.2   2.2   2.2   2.2   2.2
[49]   2.2   2.2   2.2 200.0
 [1] 100.0   2.2   2.2   2.2   2.2   2.2   2.2   2.2   2.2   2.2   2.2   2.2
[13]   2.2   2.2   2.2   2.2   2.2   2.2   2.2   2.2   2.2   2.2   2.2   2.2
[25]   2.2   2.2   2.2   2.2   2.2   2.2   2.2   2.2   2.2   2.2   2.2   2.2
[37]   2.2   2.2   2.2   2.2   2.2   2.2   2.2   2.2   2.2   2.2   2.2   2.2
[49]   2.2   2.2   2.2 200.0
