
---- complex-expr 

Time:
[1] 0.3171604
Time:
[1] 680.0936
Time:
[1] 304
Time:
[1] 5237
