
---- zerolower.1 

Time:
     [,1] [,2] [,3] [,4] [,5] [,6] [,7] [,8] [,9] [,10]
[1,]    0    1    1    1    1    1    1    1    1     1
[2,]    0    0    1    1    1    1    1    1    1     1
[3,]    0    0    0    1    1    1    1    1    1     1
[4,]    0    0    0    0    1    1    1    1    1     1
[5,]    0    0    0    0    0    1    1    1    1     1
[6,]    0    0    0    0    0    0    1    1    1     1
[7,]    0    0    0    0    0    0    0    1    1     1
Time:

---- zerolower.2 

Time:
     [,1] [,2] [,3] [,4] [,5] [,6] [,7] [,8] [,9] [,10]
[1,]    0    1    1    1    1    1    1    1    1     1
[2,]    0    0    1    1    1    1    1    1    1     1
[3,]    0    0    0    1    1    1    1    1    1     1
[4,]    0    0    0    0    1    1    1    1    1     1
[5,]    0    0    0    0    0    1    1    1    1     1
[6,]    0    0    0    0    0    0    1    1    1     1
[7,]    0    0    0    0    0    0    0    1    1     1
Time:

---- zerolower.3 

Time:
     [,1] [,2] [,3] [,4] [,5] [,6] [,7] [,8] [,9] [,10]
[1,]    0    1    1    1    1    1    1    1    1     1
[2,]    0    0    1    1    1    1    1    1    1     1
[3,]    0    0    0    1    1    1    1    1    1     1
[4,]    0    0    0    0    1    1    1    1    1     1
[5,]    0    0    0    0    0    1    1    1    1     1
[6,]    0    0    0    0    0    0    1    1    1     1
[7,]    0    0    0    0    0    0    0    1    1     1
Time:
