
---- matprod-pqR-BLAS 

Time:
Time:
Time:
Time:

---- matprod-pqR-no-BLAS 

Time:
Time:
Time:
Time:
