
---- vec-subset.vec-by-scalar 

Time:
[1] 0.01507538
Time:
[1] 6
Time:
[1] TRUE
Time:
[1] 0.015075+3i
Time:
[1] "ab cd efg"
Time:
[1] 0.01005025

---- vec-subset.vec-by-vec 

Time:
[1] 0.3603604
Time:
[1] 19.91992
Time:
[1] 454.955
Time:
[1] 19.91992
Time:
[1] 14.91491
Time:
[1] 19.86987
Time:
[1] 19.86987
Time:
[1] 494.995
Time:
[1] "ab"  "cd"  "efg" "xyz"
Time:
[1] 9.95996
         ab          cd         efg         xyz 
0.000000000 0.001001001 0.198198198 0.199199199 
Time:
[1] 500

---- vec-subset.vec-by-neg 

Time:
[1] 989.9499
Time:
[1] 989.8909
Time:
[1] 999 999

---- vec-subset.mat-by-scalar 

Time:
[1] 0.02402016
Time:
[1] 0.02402016
Time:
[1] 0.02402+2i
Time:
[1] 0.01800679

---- vec-subset.mat-by-vec 

Time:
[1] 7130.47853   70.57119   62.31674
Time:
[1]  70.50453 203.34105
Time:
[1]   1.918339 102.936675
Time:
[1]  499.0667 1716.6795
Time:
[1]  11.99808 612.11925
Time:
[1]  9029.555 40792.988
Time:
[1] 25247.91 86670.04
Time:
[1] 7130.4785+10201i   70.5712+  101i   62.3167+  101i
Time:
[1] 369900.7

---- vec-subset.small-strings 

Time:
pqr 
  2 
Time:
def 
  7 
Time:
a d 
3 6 
Time:
[1] 5

---- vec-subset.large-strings 

Time:
a400 
 400 
Time:
a1000 
 1000 
Time:
 a100  a500  a300  a200 a1900  a700  a600   a10 
  100   500   300   200  1900   700   600    10 
Time:
 a100  a500  a300  a200 a1900  a700  a600   a10  a101  a501  a301  a201 a1901 
  100   500   300   200  1900   700   600    10   101   501   301   201  1901 
 a701  a601   a11 
  701   601    11 
Time:
[1] 250
Time:
[1] 950
Time:
[1] 90500
Time:
  aa <NA>   cc   aa <NA>   cc 
   1   NA    3    1   NA    3 
  bb <NA>   aa 
  20   NA   10 
aa cc dd 
10 30 40 
  cc   aa   cc <NA> 
  30   10   30   NA 
 aa  bb  cc  dd  ee 
100  20  30  40 500 
  aa   bb   cc   dd   ee   ff   gg 
 100 1000   30   40  500 4000 3000 
<NA>   aa <NA> 
  NA  100   NA 
  aa   bb   cc   dd   ee   ff   gg      <NA> 
 123 1000   30   40  500 4000 3000  123  123 
     [,1] [,2] [,3] [,4] [,5] [,6]
[1,]   14    5   NA   14    8   NA
[2,]   NA   NA   NA   NA   NA   NA
[3,]   13    4   NA   13    7   NA
[4,]   13    4   NA   13    7   NA
     [,1] [,2] [,3] [,4] [,5]
[1,]    1    4    7   10   13
[2,]  999  999    8   11   14
[3,]  999  999    9   12   15
[1] 2 3
