mat_mult_with_BLAS = 

---- matprod.vec-dot 

Time:
[1] 1.000000 1.000000 4.513889

Time:
[1]   1.0000   1.0000 667.0003

Time:
[1]     1.00     1.00 83333.67


---- matprod.mat-vec 

Time:
[1]    2    1 4200

Time:
[1]    3    1 6300

Time:
[1]    4    1 8400

Time:
[1]     5     1 10500

Time:
[1]     50      1 110000

Time:
[1]  100    1 3000


---- matprod.vec-mat 

Time:
[1]     1     5 10500

Time:
[1]      1     50 110000


---- matprod.vec-outer 

Time:
[1] 2e+02 1e+03 1e+05


---- matprod.mat-mat 

Time:
     [,1] [,2] [,3]
[1,] 6720 6720 6720
[2,] 6720 6720 6720

Time:
        [,1]    [,2]    [,3]
[1,] 6726.72 6726.72 6726.72
[2,] 6726.72 6726.72 6726.72

Time:
     [,1] [,2] [,3]
[1,] 6720 6720 6720
[2,] 6720 6720 6720
[3,] 6720 6720 6720

Time:
     [,1] [,2] [,3]
[1,] 6720 6720 6720
[2,] 6720 6720 6720
[3,] 6720 6720 6720
[4,] 6720 6720 6720

Time:
     [,1] [,2] [,3]
[1,] 6720 6720 6720
[2,] 6720 6720 6720
[3,] 6720 6720 6720
[4,] 6720 6720 6720
[5,] 6720 6720 6720

Time:
      [,1] [,2] [,3] [,4] [,5] [,6] [,7] [,8] [,9] [,10]
 [1,]  672  672  672  672  672  672  672  672  672   672
 [2,]  672  672  672  672  672  672  672  672  672   672
 [3,]  672  672  672  672  672  672  672  672  672   672
 [4,]  672  672  672  672  672  672  672  672  672   672
 [5,]  672  672  672  672  672  672  672  672  672   672
 [6,]  672  672  672  672  672  672  672  672  672   672
 [7,]  672  672  672  672  672  672  672  672  672   672
 [8,]  672  672  672  672  672  672  672  672  672   672
 [9,]  672  672  672  672  672  672  672  672  672   672
[10,]  672  672  672  672  672  672  672  672  672   672

Time:
      [,1] [,2] [,3] [,4] [,5] [,6] [,7] [,8] [,9] [,10] [,11]
 [1,]  672  672  672  672  672  672  672  672  672   672   672
 [2,]  672  672  672  672  672  672  672  672  672   672   672
 [3,]  672  672  672  672  672  672  672  672  672   672   672
 [4,]  672  672  672  672  672  672  672  672  672   672   672
 [5,]  672  672  672  672  672  672  672  672  672   672   672
 [6,]  672  672  672  672  672  672  672  672  672   672   672
 [7,]  672  672  672  672  672  672  672  672  672   672   672
 [8,]  672  672  672  672  672  672  672  672  672   672   672
 [9,]  672  672  672  672  672  672  672  672  672   672   672
[10,]  672  672  672  672  672  672  672  672  672   672   672

Time:
[1]   500.00   500.00 83333.58

Precision tests


Try with 1e-17 

+:      0 
sum:    9.97466e-18 
dot:    0 
mmul:   0 
mmulNA: 9.97466e-18 


Try with 1.23456e-15 

+:      1.332268e-15 
sum:    1.234581e-15 
dot:    1.332268e-15 
mmul:   1.332268e-15 
mmulNA: 1.234581e-15 


Dot products with Inf, NaN, and NA

[1] NA NA NA
[1] Inf NaN NaN
[1] NaN NaN NaN
[1] NA NA NA

Matrix-vector products with Inf, NaN, and NA

[1]   2 Inf NaN  NA
[1] Inf Inf NaN  NA
[1] NaN NaN NaN  NA
[1] NA NA NA NA

Matrix-matrix product with Inf, NaN, and NA

     [,1] [,2] [,3] [,4]
[1,]    2  Inf  NaN   NA
[2,]  Inf  Inf  NaN   NA
[3,]  NaN  NaN  NaN   NA
[4,]   NA   NA   NA   NA
