
---- matchArgs.2 

Time:
[1] 12
Time:
[1] 12
Time:
[1] 12
Time:
[1] 12
Time:
[1] 1

---- matchArgs.8 

Time:
[1] 12345678
Time:
[1] 12345678
Time:
[1] 12345678
Time:
[1] 12345678
Time:
[1] 12345678
Time:
[1] 1

---- matchArgs.10 

Time:
[1] 123456789
Time:
[1] 123456789
Time:
[1] 123456789
Time:
[1] 123456789
Time:
[1] 123456789
