
---- math1.scalar 

Time:
[1] 0.83666
Time:
[1] 0.6442177
Time:
[1] 0.2608672

---- math1.vec50 

Time:
[1] 0.3162278 0.8366600
Time:
[1] 0.09983342 0.64421769
Time:
[1] 2.2527127 0.2608672

---- math1.vec1000 

Time:
[1] 0.3162278 0.8366600
Time:
[1] 0.09983342 0.64421769
Time:
[1] 2.2527127 0.2608672
