
---- pow.scalar 

Time:
[1] 1.624505
Time:
[1] 0.49

---- pow.vec-to-scalar 

Time:
[1] 11248.37 12696.45
Time:
[1] 12189.5 15000.0
Time:
[1] 15000.0 23333.5
Time:
[1] 10000 10000
Time:
[1] 6931.529 5000.125
Time:
[1] 233.5017 622.3236
Time:
[1] 2333.500 6202.302
Time:
[1] 23333.5 62002.3
Time:
[1] 23333.5 62002.3

---- pow.vec-to-vec 

Time:
[1] 5.320280e+07 6.132989e+14
Time:
[1] 205.4990 494.6501
Time:
[1] 192.2559 430.9505
Time:
[1] 233.5017 622.3236
