
---- vec-arith.+ 

Time:
[1] 2500
Time:
[1] 2500
Time:
[1] 5000
Time:
[1] 7000
Time:
[1] 7000

---- vec-arith.- 

Time:
[1] -500
Time:
[1] 500
Time:
[1] -2000
Time:
[1] -4000
Time:
[1] 4000

---- vec-arith.* 

Time:
[1] 4500
Time:
[1] 4500
Time:
[1] 5333.5
Time:
[1] 8250.417
Time:
[1] 8250.417

---- vec-arith./ 

Time:
[1] 2079.612
Time:
[1] 500
Time:
[1] 424.6279
Time:
[1] 273.9751
Time:
[1] 3812.414
